
> frontend@0.1.0 build
> next build

   Γû▓ Next.js 15.2.8
   - Environments: .env.local

   Creating an optimized production build ...
 Γ£ô Compiled successfully
   Linting and checking validity of types ...

./src/app/layout.tsx
29:9  Warning: Custom fonts not added in `pages/_document.js` will only load for a single page. This is discouraged. See: https://nextjs.org/docs/messages/no-page-custom-font  @next/next/no-page-custom-font

./src/app/onboarding/page.tsx
136:9  Warning: Unused eslint-disable directive (no problems were reported from 'react-hooks/exhaustive-deps').

./src/app/recruiter/call/page.tsx
43:11  Warning: 'router' is assigned a value but never used.  @typescript-eslint/no-unused-vars
45:12  Warning: 'botId' is assigned a value but never used.  @typescript-eslint/no-unused-vars

./src/app/recruiter/chat/page.tsx
3:10  Warning: 'Suspense' is defined but never used.  @typescript-eslint/no-unused-vars
31:11  Warning: 'router' is assigned a value but never used.  @typescript-eslint/no-unused-vars

./src/app/recruiter/page.tsx
3:38  Warning: 'useRef' is defined but never used.  @typescript-eslint/no-unused-vars
14:5  Warning: 'ChevronDown' is defined but never used.  @typescript-eslint/no-unused-vars
24:5  Warning: 'Globe' is defined but never used.  @typescript-eslint/no-unused-vars
51:8  Warning: 'api' is defined but never used.  @typescript-eslint/no-unused-vars
54:31  Warning: 'useCandidates' is defined but never used.  @typescript-eslint/no-unused-vars

./src/components/sections/solutions.tsx
5:56  Warning: 'Send' is defined but never used.  @typescript-eslint/no-unused-vars

./src/components/ui/animated-counter.tsx
4:48  Warning: 'motion' is defined but never used.  @typescript-eslint/no-unused-vars

./src/components/ui/butterfly-swarm.tsx
4:10  Warning: 'Butterfly' is defined but never used.  @typescript-eslint/no-unused-vars

./src/context/AuthContext.tsx
9:8  Warning: 'api' is defined but never used.  @typescript-eslint/no-unused-vars
36:23  Warning: 'setIsLoading' is assigned a value but never used.  @typescript-eslint/no-unused-vars

./src/context/LoadingContext.tsx
31:12  Warning: 'messageIndex' is assigned a value but never used.  @typescript-eslint/no-unused-vars

./src/services/bot.service.ts
21:25  Warning: 'botId' is defined but never used.  @typescript-eslint/no-unused-vars
21:40  Warning: 'message' is defined but never used.  @typescript-eslint/no-unused-vars

info  - Need to disable some ESLint rules? Learn more here: https://nextjs.org/docs/app/api-reference/config/eslint#disabling-rules
   Collecting page data ...
   Generating static pages (0/16) ...
   Generating static pages (4/16) 
   Generating static pages (8/16) 
   Generating static pages (12/16) 
 Γ£ô Generating static pages (16/16)
   Finalizing page optimization ...
   Collecting build traces ...

Route (app)                                 Size  First Load JS
Γöî Γùï /                                      11 kB         167 kB
Γö£ Γùï /_not-found                            977 B         102 kB
Γö£ Γùï /about                                7.6 kB         163 kB
Γö£ Γùï /candidate-active                    12.6 kB         186 kB
Γö£ Γùï /candidate-empty                     5.01 kB         135 kB
Γö£ Γùï /login                               7.33 kB         184 kB
Γö£ Γùï /onboarding                            11 kB         179 kB
Γö£ Γùï /pricing                             5.18 kB         161 kB
Γö£ Γùï /recruiter                           12.5 kB         195 kB
Γö£ Γùï /recruiter/call                       5.8 kB         109 kB
Γö£ Γùï /recruiter/chat                      5.15 kB         148 kB
Γö£ Γùï /role-selection                      3.91 kB         160 kB
Γöö Γùï /solutions                           5.37 kB         161 kB
+ First Load JS shared by all             101 kB
  Γö£ chunks/4bd1b696-11aacf9f9aee6f1d.js  53.3 kB
  Γö£ chunks/684-b8f703c818b56350.js       45.3 kB
  Γöö other shared chunks (total)          1.99 kB


╞Æ Middleware                             32.4 kB

Γùï  (Static)  prerendered as static content

